// Jest Snapshot v1, https://jestjs.io/docs/snapshot-testing

exports[`Module1 test should render 1`] = `
.c0 {
  color: #007bff;
}

<div>
  <div>
    Module 1
    <button
      class="c0"
    >
      Button
    </button>
    <button
      class="c0"
    >
      Button
    </button>
  </div>
</div>
`;
